AMPMS:hn
DATEFORMATS:jn
DATETIMEFORMATS:kn
ERANAMES:ln
ERAS:mn
ESC:nn
FIRSTDAYOFWEEK:Vj
FIRSTWEEKCUTOFFDAY:Wj
IllegalArgumentException:Xj
MONTHS:pn
NARROWMONTHS:qn
NARROWWEEKDAYS:rn
QUARTERS:sn
SHORTMONTHS:tn
SHORTQUARTERS:un
SHORTWEEKDAYS:vn
STANDALONEMONTHS:wn
STANDALONENARROWMONTHS:xn
STANDALONENARROWWEEKDAYS:yn
STANDALONESHORTMONTHS:zn
STANDALONESHORTWEEKDAYS:An
STANDALONEWEEKDAYS:Bn
TIMEFORMATS:Cn
WEEKDAYS:Dn
WEEKENDRANGE:En
__extmap:o
__hash:T
__meta:A
_entries:Eb
_hash:Fe
_keys:Ge
_marshaller:Xe
_meta:rc
_name:Zb
_seq:Ye
accesses:oi
active_:Ud
actualEventTarget_:Yj
addFreeObject:Vg
add_BANG_:Tc
add_left:pi
add_right:ri
adjustForMinMax:Rf
afn:fa
ajax$protocols$AjaxImpl$_js_ajax_request$arity$3:Wg
ajax$protocols$AjaxResponse$_body$arity$1:Xg
ajax$protocols$AjaxResponse$_get_response_header$arity$2:Yg
ajax$protocols$AjaxResponse$_status$arity$1:Zg
ajax$protocols$AjaxResponse$_status_text$arity$1:$g
ajax$protocols$AjaxResponse$_was_aborted$arity$1:ah
ajax$protocols$Interceptor$_process_request$arity$2:Ze
ajax$protocols$Interceptor$_process_response$arity$2:$e
ajax_chsk_opts:Pc
ajax_opts:Wb
apath:Sf
arg0:D
arg1:H
arg10:ba
arg11:da
arg12:ga
arg13:la
arg14:qa
arg15:ta
arg16:Ja
arg17:Ib
arg2:I
arg3:J
arg4:M
arg5:N
arg6:R
arg7:V
arg8:Y
arg9:aa
argm:si
args:af
arr:Z
arrayBuilder:He
ascending_QMARK_:ee
aset:bh
assoc_BANG_:Tf
auto_run:qd
avar:Yc
back_:rd
backingMap:ub
backoff_ms_fn:Sa
balance_left:ti
balance_right:ui
base_count:vi
bitmap:lb
bits_:vb
blacken:Ad
blockable:wi
bucket:fe
bucketIdx:Vd
buf:Za
buf_len:dh
buf_pos:Zc
buffer_:Wd
buildDate_:xi
cacheSize:Zj
cachedOptions_:yi
cached_hierarchy:Uf
callOnce:Vf
canBeReused:$j
caught:eh
cause:zi
cbs_waiting_:Mb
cell:fh
cform:Bd
chs:Va
chunk:Qb
ci:bf
cleanUpTimeoutTimer_:Ai
cleanUpXhr_:Wf
cleanupKeysArray_:Xf
client_id:Xa
cljs$core$APersistentVector$:gh
cljs$core$Fn$:Bi
cljs$core$IAssociative$_assoc$arity$3:sa
cljs$core$IChunk$_drop_first$arity$1:Ci
cljs$core$IChunkedNext$_chunked_next$arity$1:Di
cljs$core$IChunkedSeq$:Fn
cljs$core$IChunkedSeq$_chunked_first$arity$1:hh
cljs$core$IChunkedSeq$_chunked_rest$arity$1:Yf
cljs$core$ICloneable$_clone$arity$1:Pa
cljs$core$ICollection$:Gn
cljs$core$ICollection$_conj$arity$2:Da
cljs$core$IComparable$:sd
cljs$core$IComparable$_compare$arity$2:Uc
cljs$core$ICounted$:ak
cljs$core$ICounted$_count$arity$1:Aa
cljs$core$IDeref$:Ei
cljs$core$IDeref$_deref$arity$1:Mc
cljs$core$IEditableCollection$:bk
cljs$core$IEditableCollection$_as_transient$arity$1:Ie
cljs$core$IEmptyableCollection$_empty$arity$1:qb
cljs$core$IEncodeClojure$:Hn
cljs$core$IEncodeClojure$_js__GT_clj$arity$2:ck
cljs$core$IEncodeJS$:dk
cljs$core$IEncodeJS$_clj__GT_js$arity$1:ek
cljs$core$IEquiv$_equiv$arity$2:pa
cljs$core$IFind$_find$arity$2:Cd
cljs$core$IFn$:In
cljs$core$IFn$_invoke$arity$0:X
cljs$core$IFn$_invoke$arity$1:l
cljs$core$IFn$_invoke$arity$10:hb
cljs$core$IFn$_invoke$arity$11:wb
cljs$core$IFn$_invoke$arity$12:xb
cljs$core$IFn$_invoke$arity$13:yb
cljs$core$IFn$_invoke$arity$14:zb
cljs$core$IFn$_invoke$arity$15:Ab
cljs$core$IFn$_invoke$arity$16:Bb
cljs$core$IFn$_invoke$arity$17:Cb
cljs$core$IFn$_invoke$arity$18:Db
cljs$core$IFn$_invoke$arity$19:Jb
cljs$core$IFn$_invoke$arity$2:j
cljs$core$IFn$_invoke$arity$20:Rb
cljs$core$IFn$_invoke$arity$21:cf
cljs$core$IFn$_invoke$arity$22:td
cljs$core$IFn$_invoke$arity$3:w
cljs$core$IFn$_invoke$arity$4:ca
cljs$core$IFn$_invoke$arity$5:Ga
cljs$core$IFn$_invoke$arity$6:Wa
cljs$core$IFn$_invoke$arity$7:rb
cljs$core$IFn$_invoke$arity$8:ib
cljs$core$IFn$_invoke$arity$9:sb
cljs$core$IFn$_invoke$arity$variadic:U
cljs$core$IHash$:ih
cljs$core$IHash$_hash$arity$1:va
cljs$core$IIndexed$:Fi
cljs$core$IIndexed$_nth$arity$2:xa
cljs$core$IIndexed$_nth$arity$3:jb
cljs$core$IIterable$:Jn
cljs$core$IIterable$_iterator$arity$1:Qa
cljs$core$IKVReduce$:ao
cljs$core$IKVReduce$_kv_reduce$arity$3:Je
cljs$core$IList$:Ln
cljs$core$ILookup$:fk
cljs$core$ILookup$_lookup$arity$2:ya
cljs$core$ILookup$_lookup$arity$3:ma
cljs$core$IMap$:gk
cljs$core$IMap$_dissoc$arity$2:eb
cljs$core$IMapEntry$:Mn
cljs$core$IMapEntry$_key$arity$1:jh
cljs$core$IMapEntry$_val$arity$1:kh
cljs$core$IMeta$:Zf
cljs$core$IMeta$_meta$arity$1:ja
cljs$core$IMultiFn$_add_method$arity$3:Kb
cljs$core$IMultiFn$_get_method$arity$2:Ya
cljs$core$INamed$:lh
cljs$core$INamed$_name$arity$1:df
cljs$core$INamed$_namespace$arity$1:ef
cljs$core$INext$:$f
cljs$core$INext$_next$arity$1:dc
cljs$core$IPrintWithWriter$:kb
cljs$core$IPrintWithWriter$_pr_writer$arity$3:ua
cljs$core$IRecord$:Nn
cljs$core$IReduce$:hk
cljs$core$IReduce$_reduce$arity$2:Lb
cljs$core$IReduce$_reduce$arity$3:Fb
cljs$core$IReset$_reset_BANG_$arity$2:zc
cljs$core$IReversible$:On
cljs$core$IReversible$_rseq$arity$1:Dd
cljs$core$ISeq$:ha
cljs$core$ISeq$_first$arity$1:Xb
cljs$core$ISeq$_rest$arity$1:ec
cljs$core$ISeqable$:Gi
cljs$core$ISeqable$_seq$arity$1:wa
cljs$core$ISequential$:mh
cljs$core$ISet$:ik
cljs$core$ISet$_disjoin$arity$2:nh
cljs$core$IStack$_peek$arity$1:Ed
cljs$core$IStack$_pop$arity$1:Fd
cljs$core$ISwap$_swap_BANG_$arity$2:ag
cljs$core$ISwap$_swap_BANG_$arity$3:bg
cljs$core$ISwap$_swap_BANG_$arity$4:cg
cljs$core$ISwap$_swap_BANG_$arity$5:dg
cljs$core$ITransientAssociative$_assoc_BANG_$arity$3:Xd
cljs$core$ITransientCollection$_conj_BANG_$arity$2:he
cljs$core$ITransientCollection$_persistent_BANG_$arity$1:ff
cljs$core$ITransientMap$_dissoc_BANG_$arity$2:oh
cljs$core$ITransientVector$_assoc_n_BANG_$arity$3:jk
cljs$core$IVector$:Pn
cljs$core$IVector$_assoc_n$arity$3:$c
cljs$core$IVolatile$_vreset_BANG_$arity$2:Hi
cljs$core$IWatchable$_add_watch$arity$3:gf
cljs$core$IWatchable$_notify_watches$arity$3:hf
cljs$core$IWatchable$_remove_watch$arity$2:jf
cljs$core$IWithMeta$_with_meta$arity$2:ka
cljs$core$IWriter$_write$arity$2:Ii
cljs$core$async$impl$channels$MMC$abort$arity$1:Ji
cljs$core$async$impl$protocols$Buffer$add_BANG__STAR_$arity$2:ph
cljs$core$async$impl$protocols$Buffer$full_QMARK_$arity$1:qh
cljs$core$async$impl$protocols$Buffer$remove_BANG_$arity$1:Ke
cljs$core$async$impl$protocols$Channel$close_BANG_$arity$1:kf
cljs$core$async$impl$protocols$Handler$active_QMARK_$arity$1:Qc
cljs$core$async$impl$protocols$Handler$blockable_QMARK_$arity$1:lf
cljs$core$async$impl$protocols$Handler$commit$arity$1:Nc
cljs$core$async$impl$protocols$ReadPort$take_BANG_$arity$2:rh
cljs$core$async$impl$protocols$WritePort$put_BANG_$arity$3:eg
cljs$lang$applyTo:ra
cljs$lang$ctorPrWriter:Ea
cljs$lang$ctorStr:za
cljs$lang$maxFixedArity:oa
cljs$lang$protocol_mask$partition$:Le
cljs$lang$protocol_mask$partition0$:C
cljs$lang$protocol_mask$partition1$:ea
cljs$lang$test:pb
cljs$lang$type:Ca
cljs$spec$alpha$Spec$:Me
cljs$spec$alpha$Spec$conform_STAR_$arity$2:ie
cljs$spec$alpha$Spec$explain_STAR_$arity$5:je
cljs$spec$alpha$Spec$with_gen_STAR_$arity$2:ke
cljs$spec$alpha$Specize$specize_STAR_$arity$1:Gd
cljs$spec$alpha$Specize$specize_STAR_$arity$2:Hd
cljs$tools$reader$reader_types$IPushbackReader$unread$arity$2:Ki
cljs$tools$reader$reader_types$IndexingReader$:Qn
cljs$tools$reader$reader_types$IndexingReader$get_column_number$arity$1:kk
cljs$tools$reader$reader_types$IndexingReader$get_file_name$arity$1:lk
cljs$tools$reader$reader_types$IndexingReader$get_line_number$arity$1:mk
cljs$tools$reader$reader_types$Reader$peek_char$arity$1:mf
cljs$tools$reader$reader_types$Reader$read_char$arity$1:me
clojure$data$Diff$diff_similar$arity$2:nk
clojure$data$EqualityPartition$equality_partition$arity$1:pk
cnt:ia
coll:fg
collision_hash:Id
com$cognitect$transit$equals:Vc
com$cognitect$transit$hashCode:ad
com$rpl$specter$impl$CoercePath$coerce_path$arity$1:ne
com$rpl$specter$impl$LateResolve$late_resolve$arity$2:fc
com$rpl$specter$impl$PMutableCell$set_cell$arity$2:Li
com$rpl$specter$impl$PathComposer$do_comp_paths$arity$1:Mi
com$rpl$specter$navs$AddExtremes$append_all$arity$2:Ni
com$rpl$specter$navs$AddExtremes$append_one$arity$2:Oi
com$rpl$specter$navs$AddExtremes$prepend_all$arity$2:Pi
com$rpl$specter$navs$AddExtremes$prepend_one$arity$2:Qi
com$rpl$specter$navs$AllTransformProtocol$all_transform$arity$2:oe
com$rpl$specter$navs$FastEmpty$fast_empty_QMARK_$arity$1:sh
com$rpl$specter$navs$GetExtremes$get_first$arity$1:th
com$rpl$specter$navs$GetExtremes$get_last$arity$1:uh
com$rpl$specter$navs$MapTransformProtocol$map_keys_transform$arity$2:gg
com$rpl$specter$navs$MapTransformProtocol$map_vals_transform$arity$2:hg
com$rpl$specter$navs$UpdateExtremes$update_first$arity$2:vh
com$rpl$specter$navs$UpdateExtremes$update_last$arity$2:wh
com$rpl$specter$protocols$ImplicitNav$:nf
com$rpl$specter$protocols$ImplicitNav$implicit_nav$arity$1:Ne
com$rpl$specter$protocols$RichNavigator$:Oa
com$rpl$specter$protocols$RichNavigator$select_STAR_$arity$4:Ma
com$rpl$specter$protocols$RichNavigator$transform_STAR_$arity$4:Na
comp:Rc
cond_p:xh
conj_BANG_:qk
containsKey:pe
containsValue:pf
content_type:bd
convert:Ri
count_:Nb
cpred_QMARK_:ig
createInstance:Si
createObject:yh
createXhr:rk
curr_xhr_:ic
days:Ic
decodeArray:sk
decodeArrayHash:tk
decodeHash:uk
decodeString:vk
decoder:wk
defaultHandler:zh
default_dispatch_val:xk
defaults:qf
delayTimeout_:Ti
demuxes_:Jd
dequeue:rf
dirty_QMARK_:Yd
dirty_puts:jg
dirty_takes:kg
dispatchErrors_:Ui
dispatch_fn:na
dispose:Vi
disposeInternal:Kd
disposeObject:Ah
disposed_:Oe
div:qe
divide:mg
dynamic_QMARK_:Ka
edit:tb
edit_and_remove_pair:Wi
editable_QMARK_:re
elem:Zd
else_path:Bh
emitBinary:yk
emitBoolean:zk
emitDouble:Ak
emitInteger:Bk
emitNil:Ck
emitQuoted:Dk
emitString:tc
encodedQuery_:$d
end_index_fn:Ch
ensureKeyMapInitialized_:Ld
ensure_editable:Md
ensure_editable_array:Ek
entry_at:Dh
equals:nc
equiv:$a
errorDispatched_:Eh
error_:Xi
eventTargetListeners_:ae
event_:sf
ever_opened_QMARK__:ab
ext_map_iter:Yi
f:Yb
fields:Fk
fireListeners:ng
firstDayOfWeek_:tf
firstWeekCutOffDay_:uf
fqn:Ha
freeQueue_:Nd
front:uc
front_:cd
fseq:Pe
fsm_state:og
gen:vf
getBasis:Fa
getBits:$b
getBitsUnsigned:Gk
getCount:gc
getFreeCount:Zi
getInUseCount:Hk
getKeyName_:Qe
getLastError:Ik
getLastUri:Jk
getLeftChildIndex_:Kk
getListener:Fh
getLowBitsUnsigned:Lk
getObject:pg
getOptions:$i
getParentIndex_:Mk
getProgId_:aj
getReadyState:wf
getResponse:Nk
getResponseJson:Ok
getResponseText:Gh
getResponseXml:Pk
getRightChildIndex_:Qk
getSetImmediateEmulator_:Rk
getStatus:xf
getStatusText:bj
getValues:vc
getter:qg
gfn:dd
greaterThan:rg
greaterThanOrEqual:Hh
handleQueueRequests_:Ih
handlerForForeign:yf
handlers:jc
hasNext:nb
has_nil_QMARK_:kc
hashCode:Gb
hash_map:ud
header:vd
headers_:Sk
hierarchy:sg
high_:ac
hours:Ac
idx:fb
ieProgId_:cj
ignoreCase_:Tk
impl_:wc
inAbort_:se
inOpen_:Jh
inSend_:tg
inUseSet_:be
inode_assoc:ed
inode_assoc_BANG_:fd
inode_find:zf
inode_lookup:te
inode_seq:Af
inode_without:Bf
inode_without_BANG_:Cf
insertAll:Uk
instance_handle_:Ta
internalGetOptions:Vk
invalidateCache_:Df
isActive:Wk
isComplete:Kh
isEmpty:Jc
isLastUriEffectiveSchemeHttp_:Xk
isNegative:Sb
isOdd:Lh
isSubsetOf:Yk
isSuccess:dj
isZero:sc
iter:Mh
k__GT_s:Zk
keyMap_:hc
keySet:ue
key_:ej
keys_:qc
keys__GT_specnames:Bc
keys_pred:ug
kps:$k
kv_reduce:ve
lastAccess:Nh
lastErrorCode_:Od
lastError_:we
lastMethod_:fj
lastUri_:vg
late:bb
late1:Oh
late2:Ph
late_cond:Qh
late_else:xe
late_fn:Pd
late_then:ye
len:gd
lessThan:Re
lessThanOrEqual:Rh
listen:al
listenOnce:bl
listeners:Kc
low_:Ob
m_keys:wg
mapBuilder:Wc
map_:oc
map__28258:cl
markAsRemoved:xg
marshaller:dl
maxCount_:yg
maybeFixDst_:zg
maybeFlip_:el
meta18985:fl
meta23044:Vn
meta28009:hl
meta28033:il
meta28170:jl
meta28210:kl
meta28262:ll
meta28346:ml
meta28400:nl
meta28428:ol
meta28514:pl
meta28521:ql
meta28535:rl
meta29289:sl
meta29455:Wn
meta32926:tl
meta33006:ul
meta33014:vl
meta33019:wl
meta33031:yl
meta34382:zl
meta34494:Al
meta34503:Bl
meta34520:Cl
meta34524:Dl
meta34534:El
meta34544:Fl
meta34602:Gl
meta34605:Hl
meta34609:Il
meta34627:Jl
meta34641:Kl
meta34648:Ll
meta34655:Ml
meta34658:Nl
meta34671:Ol
meta34687:Pl
meta34691:Ql
meta34718:Rl
meta34739:Sl
meta34757:Tl
meta34777:Ul
meta34825:Vl
meta34869:Wl
meta34882:Xl
meta34939:Yl
meta34972:Zl
meta35040:$l
meta35125:am
meta35152:bm
meta35196:cm
meta35215:dm
meta35236:em
meta35291:fm
meta35318:gm
meta35321:hm
meta35559:im
meta35599:jm
meta35623:km
meta35656:lm
meta35669:mm
meta35679:nm
meta35705:om
meta35770:pm
meta35847:qm
meta35882:rm
meta35893:tm
meta35907:um
method_cache:Ag
method_table:Bg
minCount_:gj
minutes:Cc
months:Dc
more:wd
moveDown_:vm
moveUp_:wm
mseq:gb
multi:xm
nav1:Sh
nav2:Th
negate:ob
newv:Uh
next_entry:Ef
next_iter:hd
nil_val:lc
nocache_QMARK_:hj
nodes:jd
nodes_:Xc
not:Vh
ns:xc
obj:Wh
objectBuilder:ij
objectCanBeReused:Xh
off:pc
onDisposeCallbacks_:Cg
onProgressHandler_:jj
onReadyStateChangeEntryPoint_:ym
onReadyStateChangeHelper_:kj
onReadyStateChange_:lj
on_dispose:mj
on_dispose_arr:nj
on_set:zm
op:bc
opt:Am
opt_keys:Bm
opt_specs:Cm
opt_un:Dm
opts:ce
p__28257:Em
packer:Ua
params:Ba
parentEventTarget_:Yh
parseString:oj
parse_fn:ze
path1:Fm
path2:Gm
persistent_BANG_:Hm
post_event_callback_fns:Ae
precompiled:La
pred:xd
pred_exprs:pj
pred_forms:qj
preds:Ec
preferBuffers:Zh
preferStrings:Dg
prefer_table:Im
progressEventsEnabled_:rj
propagationStopped_:Be
puts:Qd
ratom:Tb
rdr:sj
re:yd
re_frame$router$IEventQueue$_add_event$arity$2:Eg
re_frame$router$IEventQueue$_call_post_event_callbacks$arity$2:$h
re_frame$router$IEventQueue$_exception$arity$2:Jm
re_frame$router$IEventQueue$_fsm_trigger$arity$3:Se
re_frame$router$IEventQueue$_pause$arity$2:Km
re_frame$router$IEventQueue$_process_1st_event_in_queue$arity$1:tj
re_frame$router$IEventQueue$_resume$arity$1:Lm
re_frame$router$IEventQueue$_run_next_tick$arity$1:uj
re_frame$router$IEventQueue$_run_queue$arity$1:vj
re_frame$router$IEventQueue$add_post_event_callback$arity$3:wj
re_frame$router$IEventQueue$purge$arity$1:Mm
re_frame$router$IEventQueue$push$arity$2:xj
re_frame$router$IEventQueue$remove_post_event_callback$arity$2:yj
reaction:Ff
reader_opts:zj
reagent$ratom$IDisposable$add_on_dispose_BANG_$arity$2:Aj
reagent$ratom$IDisposable$dispose_BANG_$arity$1:ai
reagent$ratom$IReactiveAtom$:Fg
rear:Lc
record:Nm
redden:Gf
reduce_fn:Om
registerHandler:Pm
releaseObject:Bj
removeAll:Cj
removeAllListeners:Qm
removeByKey:Dj
removeFreeObject_:Rm
removed:Te
rep_fn:Gg
req:Sm
req_keys:Tm
req_specs:Um
req_un:Vm
requestQueue_:bi
responseType_:Hg
rest:kd
result__:Sn
retry_count_:Ub
returnValue_:Ej
returnv:ci
riter:Hf
root_iter:Fj
s:v
s_len:Gj
s_pos:Ue
sb:Wm
scheduled_QMARK_:Ig
seconds:Fc
seen:di
setFirstDayOfWeek:Hj
setFirstWeekCutOffDay:Ij
setImmediate_:Jj
setProgressEventsEnabled:Kj
setResponseType:Xm
setTimeoutInterval:Lj
setValues:Ym
setWithCredentials:ei
shiftRight:de
shiftRightUnsigned:Mj
sign_:Gc
slowDivide_:Zm
socket_:Vb
sourceIter:fi
spec:le
specs:Ve
start_index_fn:Ce
state_:Ia
str:yc
str_rep_fn:If
structure:Jg
subtract:Rd
superClass_:Sd
sval:Nj
sym:Hb
tag_fn:Kg
tail:mb
takes:We
taoensso$encore$ITimeoutFuture$tf_cancel_BANG_$arity$1:Tn
taoensso$encore$ITimeoutFuture$tf_poll$arity$1:$n
taoensso$encore$ITimeoutImpl$_schedule_timeout$arity$3:Un
taoensso$sente$IChSocket$_chsk_connect_BANG_$arity$1:Lg
taoensso$sente$IChSocket$_chsk_disconnect_BANG_$arity$2:Mg
taoensso$sente$IChSocket$_chsk_send_BANG_$arity$3:Jf
taoensso$sente$interfaces$IPacker$pack$arity$2:gi
taoensso$sente$interfaces$IPacker$unpack$arity$2:hi
temp__5455__auto__:De
then_path:ii
timeoutId_:Ng
timeoutInterval_:Kf
timeout_:Oj
toInt:Lf
toIsoString:Mf
toNumber:ld
transient_map:Td
transit_fmt:Og
traverser:Pj
tree:zd
tree_map:nd
typeCount_:Nf
udt0:ji
udt_last_comms_:Pb
unc:Qj
unicode:Rn
unlisten:$m
unlistenByKey:Rj
unmarshal:an
unmarshaller:bn
unpack:Pg
unparse_fn:Qg
update_fn:cn
useSetImmediate_:dn
useXhr2Timeout_:ki
uuid:od
v:ge
val:h
validator:li
vals:Rg
value_:Sj
vec:Oc
verbose:Of
verbose_handler_fn:Pf
watches:mc
watchesArr:mi
watching:Ee
withCredentials_:Qf
without_BANG_:en
worst_ms:ni
worst_sid:Tj
wrapCallback_:gn
writer_opts:Uj
ws_chsk_opts:Sc
ws_kalive_ms:cc
xf:pd
xform:Sg
xhrOptions_:Tg
xhr_:Ra
xmlHttpFactory_:Ug
years:Hc
